MCS-86 ASSEMBLER    ASSLNK86                                                                                  PAGE    1



ISIS-II MCS-86 ASSEMBLER V1.0 ASSEMBLY OF MODULE ASSLNK86
OBJECT MODULE PLACED IN ASSLNK86.OBJ
ASSEMBLER INVOKED BY: ASM86 ASSLNK86.ASM DEBUG
     
LOC  OBJ                  LINE   SOURCE

                             1   ;
                             2   ;       interface module for ddt86
                             3   ;       6/15/81
                             4   ;
                             5   dgroup  group   dats
----                         6   dats    segment public  'DATS'
0000 3F                      7           db      '?'
----                         8   dats    ends
                             9   ;
                            10   cgroup  group   code
                            11           extrn   asm:near
                            12           public  ddtgetline
                            13           public  goddt
                            14           public  ddtset
                            15   ;
----                        16   code    segment public 'CODE'
                            17           assume cs:cgroup
                            18   ;
0000                        19   assent  proc
2300                        20           org     2300h
2300 E90000          E      21           jmp     asm
                            22   assent  endp
                            23   ;
2303                        24   ddtgetline      proc
2303 E903DE                 25           jmp     $-21fah
                            26   ddtgetline      endp
                            27   ;
2306                        28   goddt   proc
2306 E903DE                 29           jmp     $-21fah
                            30   goddt   endp
                            31   ;
2309                        32   ddtset  proc
2309 E903DE                 33           jmp     $-21fah
                            34   ddtset  endp
                            35   ;
----                        36   code    ends
                            37           end
MCS-86 ASSEMBLER    ASSLNK86                                                                                  PAGE    2





SYMBOL TABLE LISTING
------ ----- -------


NAME        TYPE     VALUE  ATTRIBUTES

ASM . . . . L NEAR   0000H  EXTRN
ASSENT. . . L NEAR   0000H  CODE
CGROUP. . . GROUP           CODE 
CODE. . . . SEGMENT         SIZE=230CH PARA PUBLIC 'CODE'
DATS. . . . SEGMENT         SIZE=0001H PARA PUBLIC 'DATS'
DDTGETLINE. L NEAR   2303H  CODE PUBLIC
DDTSET. . . L NEAR   2309H  CODE PUBLIC
DGROUP. . . GROUP           DATS 
GODDT . . . L NEAR   2306H  CODE PUBLIC


ASSEMBLY COMPLETE, NO ERRORS FOUND
